Loading Whisper model (base)...
Language mode: Auto-detect
Multilingual mode: ENABLED (will detect language changes)
TAE2146 monitor not found in sounddevice, attempting to use PulseAudio directly...
Using audio device: pulse (will use TAE2146 monitor via PulseAudio) (index: pulse)
Set PulseAudio default source to TAE2146 monitor
Starting transcription thread...
Device sample rate is 44100Hz, will resample to 16000Hz

Listening to TAE2146 system audio...
Transcription language: Auto-detect
Make sure audio is playing through your TAE2146 device!
Press Ctrl+C to stop.

[Listening for audio...][Listening for audio...][Listening for audio...][Listening for audio...][Listening for audio...][Listening for audio...][Listening for audio...][Listening for audio...][Listening for audio...][Listening for audio...][Listening for audio...][Listening for audio...][Listening for audio...][Listening for audio...][Listening for audio...][Listening for audio...][Listening for audio...][Listening for audio...][Listening for audio...][Listening for audio...][Listening for audio...][Listening for audio...][Listening for audio...][Listening for audio...][Listening for audio...][Listening for audio...][Listening for audio...][Listening for audio...][Listening for audio...][Listening for audio...][Listening for audio...][Listening for audio...][Listening for audio...][Listening for audio...][Listening for audio...][Listening for audio...][Listening for audio...][Listening for audio...][Listening for audio...][Listening for audio...][Listening for audio...][Listening for audio...][Listening for audio...][Listening for audio...][Listening for audio...][Listening for audio...][Listening for audio...][Listening for audio...][Listening for audio...][Listening for audio...][Listening for audio...][Listening for audio...][Listening for audio...][Listening for audio...][Listening for audio...][Listening for audio...][Listening for audio...][Listening for audio...][Listening for audio...][Listening for audio...][Listening for audio...][Listening for audio...][Listening for audio...][Listening for audio...][Listening for audio...][Listening for audio...][Listening for audio...][Listening for audio...][Listening for audio...][Listening for audio...][Listening for audio...][Listening for audio...][Listening for audio...][Listening for audio...][Listening for audio...][Listening for audio...][Listening for audio...][Listening for audio...][Listening for audio...][Listening for audio...][Listening for audio...][Listening for audio...][Listening for audio...][Listening for audio...][Listening for audio...][Listening for audio...][Listening for audio...][Listening for audio...][Listening for audio...][Listening for audio...][Listening for audio...][Listening for audio...][Listening for audio...][Listening for audio...][Listening for audio...][Listening for audio...][Listening for audio...][Listening for audio...][Listening for audio...][Listening for audio...][Listening for audio...][Listening for audio...][Listening for audio...][Listening for audio...][Listening for audio...][Listening for audio...][Listening for audio...][Listening for audio...][Listening for audio...][Listening for audio...][Listening for audio...][Listening for audio...][Listening for audio...][Listening for audio...][Listening for audio...][Listening for audio...][Listening for audio...][Listening for audio...][Listening for audio...][Listening for audio...][Listening for audio...][Listening for audio...][Listening for audio...][Listening for audio...][Listening for audio...][Listening for audio...][Listening for audio...][Listening for audio...][Listening for audio...][Listening for audio...][Listening for audio...][Listening for audio...][Listening for audio...][Listening for audio...][Listening for audio...][Listening for audio...][Listening for audio...][Listening for audio...]